MSBuild version 17.3.4+a400405ba for .NET
  Determining projects to restore...
  All projects are up-to-date for restore.
  RvtLoadLaz -> D:\VSCode_Working\Python\Revit_COPO_LAZ\RvtLoadLaz\bin\Debug\RvtLoadLaz.dll

Build succeeded.
    0 Warning(s)
    0 Error(s)

Time Elapsed 00:00:00.59
